undefined ms|Java侧收到算法回调，frameStateUpdate|04-25 11:27:10.734  2783  3417 I BIOLOGY_TakePhotoCaptureWorkspace: [tk12-callback_dispatcher] onFrameStateUpdate, camerastate:0, mInPaying = false, mPollingResult = false, mShowingResult = false, mIsStrongTipShown = false, mShowPage = true
279 ms|Java侧收到算法回调，frameStateUpdate|04-25 11:27:11.013  2783  3417 I BIOLOGY_TakePhotoCaptureWorkspace: [tk12-callback_dispatcher] onFrameStateUpdate, camerastate:2, mInPaying = false, mPollingResult = false, mShowingResult = false, mIsStrongTipShown = false, mShowPage = true
299 ms|Java侧收到算法回调，frameStateUpdate|04-25 11:27:11.312  2783  3417 I BIOLOGY_TakePhotoCaptureWorkspace: [tk12-callback_dispatcher] onFrameStateUpdate, camerastate:2, mInPaying = false, mPollingResult = false, mShowingResult = false, mIsStrongTipShown = false, mShowPage = true
102 ms|Java侧收到算法回调，frameStateUpdate|04-25 11:27:11.414  2783  3417 I BIOLOGY_TakePhotoCaptureWorkspace: [tk12-callback_dispatcher] onFrameStateUpdate, camerastate:2, mInPaying = false, mPollingResult = false, mShowingResult = false, mIsStrongTipShown = false, mShowPage = true
91 ms|Java侧收到算法回调，frameStateUpdate|04-25 11:27:11.505  2783  3417 I BIOLOGY_TakePhotoCaptureWorkspace: [tk12-callback_dispatcher] onFrameStateUpdate, camerastate:2, mInPaying = false, mPollingResult = false, mShowingResult = false, mIsStrongTipShown = false, mShowPage = true
97 ms|Java侧收到算法回调，frameStateUpdate|04-25 11:27:11.602  2783  3417 I BIOLOGY_TakePhotoCaptureWorkspace: [tk12-callback_dispatcher] onFrameStateUpdate, camerastate:2, mInPaying = false, mPollingResult = false, mShowingResult = false, mIsStrongTipShown = false, mShowPage = true
237 ms|Java侧收到算法回调，frameStateUpdate|04-25 11:27:11.839  2783  3417 I BIOLOGY_TakePhotoCaptureWorkspace: [tk12-callback_dispatcher] onFrameStateUpdate, camerastate:2, mInPaying = false, mPollingResult = false, mShowingResult = false, mIsStrongTipShown = false, mShowPage = true
128 ms|Java侧收到算法回调，frameStateUpdate|04-25 11:27:11.967  2783  3417 I BIOLOGY_TakePhotoCaptureWorkspace: [tk12-callback_dispatcher] onFrameStateUpdate, camerastate:2, mInPaying = false, mPollingResult = false, mShowingResult = false, mIsStrongTipShown = false, mShowPage = true
188 ms|Java侧收到算法回调，frameStateUpdate|04-25 11:27:12.155  2783  3417 I BIOLOGY_TakePhotoCaptureWorkspace: [tk12-callback_dispatcher] onFrameStateUpdate, camerastate:2, mInPaying = false, mPollingResult = false, mShowingResult = false, mIsStrongTipShown = false, mShowPage = true
321 ms|Java侧收到算法回调，frameStateUpdate|04-25 11:27:12.476  2783  3417 I BIOLOGY_TakePhotoCaptureWorkspace: [tk12-callback_dispatcher] onFrameStateUpdate, camerastate:2, mInPaying = false, mPollingResult = false, mShowingResult = false, mIsStrongTipShown = false, mShowPage = true
657 ms|Java侧收到算法回调，frameStateUpdate|04-25 11:27:13.133  2783  3417 I BIOLOGY_TakePhotoCaptureWorkspace: [tk12-callback_dispatcher] onFrameStateUpdate, camerastate:2, mInPaying = true, mPollingResult = false, mShowingResult = false, mIsStrongTipShown = false, mShowPage = true
713 ms|Java侧收到算法回调，frameQuality| 2783  3417 I BIOLOGY_TakePhotoCaptureWorkspace: [tk12-callback_dispatcher] onFrameQualify bitmap = android.graphics.Bitmap@4602eb2,toygerFaceAttr=ToygerFaceAttr{hasFace=true, faceId=2, eyeBlink=false, eyeOpen=false, faceRegion=RectF(0.33958334, 0.5015625, 0.63958335, 0.7265625), quality=99.94125, yaw=-5.9603734, pitch=-4.088043, gaussian=-1.0, motion=-1.0, brightness=0.25215897, integrity=1.0, leftEyeBlinkRatio=0.0, leftEyeBlinkRatioMin=0.0, leftEyeBlinkRatioMax=0.0, rightEyeBlinkRatio=0.0, rightEyeBlinkRatioMin=0.0, rightEyeBlinkRatioMax=0.0, distance=497, keypts10=[0.4183108, 0.55313224, 0.47620806, 0.42435676, 0.5314665, 0.56111497, 0.563433, 0.6286873, 0.67719626, 0.68235314], confidence=0.999991, roll=-0.9899917, iodRatio=0.13519485, deepLiveness=0.0, depthQuality=0.9230859, gender=-1.0, age=-1, isAttr_ok=false, frameId=-1, normScale=1.0, detectStage=0, bangs=-1.0, glasses=-1.0, hat=-1.0, mask=0.0, tipMessage=0}, mInPaying = true, mPollingResult = false, mShowingResult = false, mIsStrongTipShown = false, mShowPage = true
143 ms|Java侧收到算法回调，complete| 2783  3417 I BIOLOGY_TakePhotoCaptureWorkspace: [tk12-callback_dispatcher] onGroupMealResult,isAttached()=true, mInPaying = true, mPollingResult = false, mShowingResult = false, mIsStrongTipShown = false, mShowPage = true


14383 ms|Java侧收到算法回调，frameStateUpdate|04-25 11:27:28.372  2783  3547 I BIOLOGY_TakePhotoCaptureWorkspace: [tk23-callback_dispatcher] onFrameStateUpdate, camerastate:2, mInPaying = false, mPollingResult = false, mShowingResult = false, mIsStrongTipShown = false, mShowPage = true
228 ms|Java侧收到算法回调，frameStateUpdate|04-25 11:27:28.600  2783  3547 I BIOLOGY_TakePhotoCaptureWorkspace: [tk23-callback_dispatcher] onFrameStateUpdate, camerastate:2, mInPaying = false, mPollingResult = false, mShowingResult = false, mIsStrongTipShown = false, mShowPage = true
142 ms|Java侧收到算法回调，frameStateUpdate|04-25 11:27:28.742  2783  3547 I BIOLOGY_TakePhotoCaptureWorkspace: [tk23-callback_dispatcher] onFrameStateUpdate, camerastate:2, mInPaying = false, mPollingResult = false, mShowingResult = false, mIsStrongTipShown = false, mShowPage = true
191 ms|Java侧收到算法回调，frameStateUpdate|04-25 11:27:28.933  2783  3547 I BIOLOGY_TakePhotoCaptureWorkspace: [tk23-callback_dispatcher] onFrameStateUpdate, camerastate:2, mInPaying = false, mPollingResult = false, mShowingResult = false, mIsStrongTipShown = false, mShowPage = true
137 ms|Java侧收到算法回调，frameStateUpdate|04-25 11:27:29.070  2783  3547 I BIOLOGY_TakePhotoCaptureWorkspace: [tk23-callback_dispatcher] onFrameStateUpdate, camerastate:2, mInPaying = false, mPollingResult = false, mShowingResult = false, mIsStrongTipShown = false, mShowPage = true
139 ms|Java侧收到算法回调，frameStateUpdate|04-25 11:27:29.209  2783  3547 I BIOLOGY_TakePhotoCaptureWorkspace: [tk23-callback_dispatcher] onFrameStateUpdate, camerastate:2, mInPaying = false, mPollingResult = false, mShowingResult = false, mIsStrongTipShown = false, mShowPage = true
112 ms|Java侧收到算法回调，frameStateUpdate|04-25 11:27:29.321  2783  3547 I BIOLOGY_TakePhotoCaptureWorkspace: [tk23-callback_dispatcher] onFrameStateUpdate, camerastate:2, mInPaying = false, mPollingResult = false, mShowingResult = false, mIsStrongTipShown = false, mShowPage = true
143 ms|Java侧收到算法回调，frameStateUpdate|04-25 11:27:29.464  2783  3547 I BIOLOGY_TakePhotoCaptureWorkspace: [tk23-callback_dispatcher] onFrameStateUpdate, camerastate:2, mInPaying = false, mPollingResult = false, mShowingResult = false, mIsStrongTipShown = false, mShowPage = true
133 ms|Java侧收到算法回调，frameStateUpdate|04-25 11:27:29.597  2783  3547 I BIOLOGY_TakePhotoCaptureWorkspace: [tk23-callback_dispatcher] onFrameStateUpdate, camerastate:2, mInPaying = false, mPollingResult = false, mShowingResult = false, mIsStrongTipShown = false, mShowPage = true
188 ms|Java侧收到算法回调，frameStateUpdate|04-25 11:27:29.785  2783  3547 I BIOLOGY_TakePhotoCaptureWorkspace: [tk23-callback_dispatcher] onFrameStateUpdate, camerastate:2, mInPaying = false, mPollingResult = false, mShowingResult = false, mIsStrongTipShown = false, mShowPage = true
222 ms|Java侧收到算法回调，frameStateUpdate|04-25 11:27:30.007  2783  3547 I BIOLOGY_TakePhotoCaptureWorkspace: [tk23-callback_dispatcher] onFrameStateUpdate, camerastate:2, mInPaying = false, mPollingResult = false, mShowingResult = false, mIsStrongTipShown = false, mShowPage = true
54 ms|Java侧收到算法回调，frameStateUpdate|04-25 11:27:30.061  2783  3547 I BIOLOGY_TakePhotoCaptureWorkspace: [tk23-callback_dispatcher] onFrameStateUpdate, camerastate:2, mInPaying = false, mPollingResult = false, mShowingResult = false, mIsStrongTipShown = false, mShowPage = true
114 ms|Java侧收到算法回调，frameStateUpdate|04-25 11:27:30.175  2783  3547 I BIOLOGY_TakePhotoCaptureWorkspace: [tk23-callback_dispatcher] onFrameStateUpdate, camerastate:2, mInPaying = false, mPollingResult = false, mShowingResult = false, mIsStrongTipShown = false, mShowPage = true
138 ms|Java侧收到算法回调，frameStateUpdate|04-25 11:27:30.313  2783  3547 I BIOLOGY_TakePhotoCaptureWorkspace: [tk23-callback_dispatcher] onFrameStateUpdate, camerastate:2, mInPaying = false, mPollingResult = false, mShowingResult = false, mIsStrongTipShown = false, mShowPage = true
124 ms|Java侧收到算法回调，frameStateUpdate|04-25 11:27:30.437  2783  3547 I BIOLOGY_TakePhotoCaptureWorkspace: [tk23-callback_dispatcher] onFrameStateUpdate, camerastate:2, mInPaying = false, mPollingResult = false, mShowingResult = false, mIsStrongTipShown = false, mShowPage = true
311 ms|Java侧收到算法回调，frameStateUpdate|04-25 11:27:30.748  2783  3547 I BIOLOGY_TakePhotoCaptureWorkspace: [tk23-callback_dispatcher] onFrameStateUpdate, camerastate:2, mInPaying = true, mPollingResult = false, mShowingResult = false, mIsStrongTipShown = false, mShowPage = true
149 ms|Java侧收到算法回调，frameStateUpdate|04-25 11:27:30.897  2783  3547 I BIOLOGY_TakePhotoCaptureWorkspace: [tk23-callback_dispatcher] onFrameStateUpdate, camerastate:2, mInPaying = true, mPollingResult = false, mShowingResult = false, mIsStrongTipShown = false, mShowPage = true
734 ms|Java侧收到算法回调，frameQuality| 2783  3547 I BIOLOGY_TakePhotoCaptureWorkspace: [tk23-callback_dispatcher] onFrameQualify bitmap = android.graphics.Bitmap@782ec51,toygerFaceAttr=ToygerFaceAttr{hasFace=true, faceId=2, eyeBlink=false, eyeOpen=false, faceRegion=RectF(0.34375, 0.5015625, 0.64375, 0.7265625), quality=99.96875, yaw=-5.9353247, pitch=-2.6191504, gaussian=-1.0, motion=-1.0, brightness=0.26486385, integrity=1.0, leftEyeBlinkRatio=0.0, leftEyeBlinkRatioMin=0.0, leftEyeBlinkRatioMax=0.0, rightEyeBlinkRatio=0.0, rightEyeBlinkRatioMin=0.0, rightEyeBlinkRatioMax=0.0, distance=499, keypts10=[0.42087218, 0.559377, 0.47924584, 0.42385626, 0.5359552, 0.56226236, 0.5661185, 0.6280153, 0.674364, 0.6803769], confidence=0.999983, roll=-1.6854655, iodRatio=0.13894764, deepLiveness=0.0, depthQuality=0.96316564, gender=-1.0, age=-1, isAttr_ok=false, frameId=-1, normScale=1.0, detectStage=0, bangs=-1.0, glasses=-1.0, hat=-1.0, mask=0.0, tipMessage=0}, mInPaying = true, mPollingResult = false, mShowingResult = false, mIsStrongTipShown = false, mShowPage = true
489 ms|Java侧收到算法回调，complete| 2783  3547 I BIOLOGY_TakePhotoCaptureWorkspace: [tk23-callback_dispatcher] onGroupMealResult,isAttached()=true, mInPaying = true, mPollingResult = false, mShowingResult = false, mIsStrongTipShown = false, mShowPage = true


14277 ms|Java侧收到算法回调，frameStateUpdate|04-25 11:27:46.397  2783  3544 I BIOLOGY_TakePhotoCaptureWorkspace: [tk22-callback_dispatcher] onFrameStateUpdate, camerastate:1, mInPaying = false, mPollingResult = false, mShowingResult = false, mIsStrongTipShown = false, mShowPage = true
272 ms|Java侧收到算法回调，frameStateUpdate|04-25 11:27:46.669  2783  3544 I BIOLOGY_TakePhotoCaptureWorkspace: [tk22-callback_dispatcher] onFrameStateUpdate, camerastate:2, mInPaying = false, mPollingResult = false, mShowingResult = false, mIsStrongTipShown = false, mShowPage = true
137 ms|Java侧收到算法回调，frameStateUpdate|04-25 11:27:46.806  2783  3544 I BIOLOGY_TakePhotoCaptureWorkspace: [tk22-callback_dispatcher] onFrameStateUpdate, camerastate:2, mInPaying = false, mPollingResult = false, mShowingResult = false, mIsStrongTipShown = false, mShowPage = true
203 ms|Java侧收到算法回调，frameStateUpdate|04-25 11:27:47.009  2783  3544 I BIOLOGY_TakePhotoCaptureWorkspace: [tk22-callback_dispatcher] onFrameStateUpdate, camerastate:2, mInPaying = false, mPollingResult = false, mShowingResult = false, mIsStrongTipShown = false, mShowPage = true
233 ms|Java侧收到算法回调，frameStateUpdate|04-25 11:27:47.242  2783  3544 I BIOLOGY_TakePhotoCaptureWorkspace: [tk22-callback_dispatcher] onFrameStateUpdate, camerastate:2, mInPaying = false, mPollingResult = false, mShowingResult = false, mIsStrongTipShown = false, mShowPage = true
135 ms|Java侧收到算法回调，frameStateUpdate|04-25 11:27:47.377  2783  3544 I BIOLOGY_TakePhotoCaptureWorkspace: [tk22-callback_dispatcher] onFrameStateUpdate, camerastate:2, mInPaying = false, mPollingResult = false, mShowingResult = false, mIsStrongTipShown = false, mShowPage = true
92 ms|Java侧收到算法回调，frameStateUpdate|04-25 11:27:47.469  2783  3544 I BIOLOGY_TakePhotoCaptureWorkspace: [tk22-callback_dispatcher] onFrameStateUpdate, camerastate:2, mInPaying = false, mPollingResult = false, mShowingResult = false, mIsStrongTipShown = false, mShowPage = true
384 ms|Java侧收到算法回调，frameStateUpdate|04-25 11:27:47.853  2783  3544 I BIOLOGY_TakePhotoCaptureWorkspace: [tk22-callback_dispatcher] onFrameStateUpdate, camerastate:2, mInPaying = false, mPollingResult = false, mShowingResult = false, mIsStrongTipShown = false, mShowPage = true
199 ms|Java侧收到算法回调，frameStateUpdate|04-25 11:27:48.052  2783  3544 I BIOLOGY_TakePhotoCaptureWorkspace: [tk22-callback_dispatcher] onFrameStateUpdate, camerastate:2, mInPaying = false, mPollingResult = false, mShowingResult = false, mIsStrongTipShown = false, mShowPage = true
176 ms|Java侧收到算法回调，frameStateUpdate|04-25 11:27:48.228  2783  3544 I BIOLOGY_TakePhotoCaptureWorkspace: [tk22-callback_dispatcher] onFrameStateUpdate, camerastate:2, mInPaying = false, mPollingResult = false, mShowingResult = false, mIsStrongTipShown = false, mShowPage = true
360 ms|Java侧收到算法回调，frameStateUpdate|04-25 11:27:48.588  2783  3544 I BIOLOGY_TakePhotoCaptureWorkspace: [tk22-callback_dispatcher] onFrameStateUpdate, camerastate:2, mInPaying = false, mPollingResult = false, mShowingResult = false, mIsStrongTipShown = false, mShowPage = true
126 ms|Java侧收到算法回调，frameStateUpdate|04-25 11:27:48.714  2783  3544 I BIOLOGY_TakePhotoCaptureWorkspace: [tk22-callback_dispatcher] onFrameStateUpdate, camerastate:2, mInPaying = false, mPollingResult = false, mShowingResult = false, mIsStrongTipShown = false, mShowPage = true
303 ms|Java侧收到算法回调，frameStateUpdate|04-25 11:27:49.017  2783  3544 I BIOLOGY_TakePhotoCaptureWorkspace: [tk22-callback_dispatcher] onFrameStateUpdate, camerastate:2, mInPaying = false, mPollingResult = false, mShowingResult = false, mIsStrongTipShown = false, mShowPage = true
169 ms|Java侧收到算法回调，frameStateUpdate|04-25 11:27:49.186  2783  3544 I BIOLOGY_TakePhotoCaptureWorkspace: [tk22-callback_dispatcher] onFrameStateUpdate, camerastate:2, mInPaying = false, mPollingResult = false, mShowingResult = false, mIsStrongTipShown = false, mShowPage = true
133 ms|Java侧收到算法回调，frameStateUpdate|04-25 11:27:49.319  2783  3544 I BIOLOGY_TakePhotoCaptureWorkspace: [tk22-callback_dispatcher] onFrameStateUpdate, camerastate:2, mInPaying = false, mPollingResult = false, mShowingResult = false, mIsStrongTipShown = false, mShowPage = true
130 ms|Java侧收到算法回调，frameStateUpdate|04-25 11:27:49.449  2783  3544 I BIOLOGY_TakePhotoCaptureWorkspace: [tk22-callback_dispatcher] onFrameStateUpdate, camerastate:2, mInPaying = false, mPollingResult = false, mShowingResult = false, mIsStrongTipShown = false, mShowPage = true
221 ms|Java侧收到算法回调，frameStateUpdate|04-25 11:27:49.670  2783  3544 I BIOLOGY_TakePhotoCaptureWorkspace: [tk22-callback_dispatcher] onFrameStateUpdate, camerastate:2, mInPaying = true, mPollingResult = false, mShowingResult = false, mIsStrongTipShown = false, mShowPage = true
402 ms|Java侧收到算法回调，frameQuality| 2783  3544 I BIOLOGY_TakePhotoCaptureWorkspace: [tk22-callback_dispatcher] onFrameQualify bitmap = android.graphics.Bitmap@ac38e49,toygerFaceAttr=ToygerFaceAttr{hasFace=true, faceId=2, eyeBlink=false, eyeOpen=false, faceRegion=RectF(0.34583333, 0.496875, 0.6458333, 0.71875), quality=99.95528, yaw=-5.7271276, pitch=-1.5550221, gaussian=-1.0, motion=-1.0, brightness=0.35187078, integrity=1.0, leftEyeBlinkRatio=0.0, leftEyeBlinkRatioMin=0.0, leftEyeBlinkRatioMax=0.0, rightEyeBlinkRatio=0.0, rightEyeBlinkRatioMin=0.0, rightEyeBlinkRatioMax=0.0, distance=507, keypts10=[0.42564017, 0.56348956, 0.48279476, 0.429745, 0.5386469, 0.5577698, 0.56147903, 0.62144053, 0.6685847, 0.67457074], confidence=0.99998426, roll=-1.6461321, iodRatio=0.13815394, deepLiveness=0.0, depthQuality=0.9856166, gender=-1.0, age=-1, isAttr_ok=false, frameId=-1, normScale=1.0, detectStage=0, bangs=-1.0, glasses=-1.0, hat=-1.0, mask=0.0, tipMessage=0}, mInPaying = true, mPollingResult = false, mShowingResult = false, mIsStrongTipShown = false, mShowPage = true
719 ms|Java侧收到算法回调，complete| 2783  3544 I BIOLOGY_TakePhotoCaptureWorkspace: [tk22-callback_dispatcher] onGroupMealResult,isAttached()=true, mInPaying = true, mPollingResult = false, mShowingResult = false, mIsStrongTipShown = false, mShowPage = true


11839 ms|Java侧收到算法回调，frameStateUpdate|04-25 11:28:02.630  2783  3456 I BIOLOGY_TakePhotoCaptureWorkspace: [tk15-callback_dispatcher] onFrameStateUpdate, camerastate:0, mInPaying = false, mPollingResult = false, mShowingResult = false, mIsStrongTipShown = false, mShowPage = true
394 ms|Java侧收到算法回调，frameStateUpdate|04-25 11:28:03.024  2783  3456 I BIOLOGY_TakePhotoCaptureWorkspace: [tk15-callback_dispatcher] onFrameStateUpdate, camerastate:2, mInPaying = false, mPollingResult = false, mShowingResult = false, mIsStrongTipShown = false, mShowPage = true
71 ms|Java侧收到算法回调，frameStateUpdate|04-25 11:28:03.095  2783  3456 I BIOLOGY_TakePhotoCaptureWorkspace: [tk15-callback_dispatcher] onFrameStateUpdate, camerastate:2, mInPaying = false, mPollingResult = false, mShowingResult = false, mIsStrongTipShown = false, mShowPage = true
119 ms|Java侧收到算法回调，frameStateUpdate|04-25 11:28:03.214  2783  3456 I BIOLOGY_TakePhotoCaptureWorkspace: [tk15-callback_dispatcher] onFrameStateUpdate, camerastate:2, mInPaying = false, mPollingResult = false, mShowingResult = false, mIsStrongTipShown = false, mShowPage = true
135 ms|Java侧收到算法回调，frameStateUpdate|04-25 11:28:03.349  2783  3456 I BIOLOGY_TakePhotoCaptureWorkspace: [tk15-callback_dispatcher] onFrameStateUpdate, camerastate:2, mInPaying = false, mPollingResult = false, mShowingResult = false, mIsStrongTipShown = false, mShowPage = true
118 ms|Java侧收到算法回调，frameStateUpdate|04-25 11:28:03.467  2783  3456 I BIOLOGY_TakePhotoCaptureWorkspace: [tk15-callback_dispatcher] onFrameStateUpdate, camerastate:2, mInPaying = false, mPollingResult = false, mShowingResult = false, mIsStrongTipShown = false, mShowPage = true
121 ms|Java侧收到算法回调，frameStateUpdate|04-25 11:28:03.588  2783  3456 I BIOLOGY_TakePhotoCaptureWorkspace: [tk15-callback_dispatcher] onFrameStateUpdate, camerastate:2, mInPaying = false, mPollingResult = false, mShowingResult = false, mIsStrongTipShown = false, mShowPage = true
115 ms|Java侧收到算法回调，frameStateUpdate|04-25 11:28:03.703  2783  3456 I BIOLOGY_TakePhotoCaptureWorkspace: [tk15-callback_dispatcher] onFrameStateUpdate, camerastate:2, mInPaying = false, mPollingResult = false, mShowingResult = false, mIsStrongTipShown = false, mShowPage = true
118 ms|Java侧收到算法回调，frameStateUpdate|04-25 11:28:03.821  2783  3456 I BIOLOGY_TakePhotoCaptureWorkspace: [tk15-callback_dispatcher] onFrameStateUpdate, camerastate:2, mInPaying = false, mPollingResult = false, mShowingResult = false, mIsStrongTipShown = false, mShowPage = true
94 ms|Java侧收到算法回调，frameStateUpdate|04-25 11:28:03.915  2783  3456 I BIOLOGY_TakePhotoCaptureWorkspace: [tk15-callback_dispatcher] onFrameStateUpdate, camerastate:2, mInPaying = false, mPollingResult = false, mShowingResult = false, mIsStrongTipShown = false, mShowPage = true
212 ms|Java侧收到算法回调，frameStateUpdate|04-25 11:28:04.127  2783  3456 I BIOLOGY_TakePhotoCaptureWorkspace: [tk15-callback_dispatcher] onFrameStateUpdate, camerastate:2, mInPaying = false, mPollingResult = false, mShowingResult = false, mIsStrongTipShown = false, mShowPage = true
137 ms|Java侧收到算法回调，frameStateUpdate|04-25 11:28:04.264  2783  3456 I BIOLOGY_TakePhotoCaptureWorkspace: [tk15-callback_dispatcher] onFrameStateUpdate, camerastate:2, mInPaying = false, mPollingResult = false, mShowingResult = false, mIsStrongTipShown = false, mShowPage = true
151 ms|Java侧收到算法回调，frameStateUpdate|04-25 11:28:04.415  2783  3456 I BIOLOGY_TakePhotoCaptureWorkspace: [tk15-callback_dispatcher] onFrameStateUpdate, camerastate:2, mInPaying = false, mPollingResult = false, mShowingResult = false, mIsStrongTipShown = false, mShowPage = true
148 ms|Java侧收到算法回调，frameStateUpdate|04-25 11:28:04.563  2783  3456 I BIOLOGY_TakePhotoCaptureWorkspace: [tk15-callback_dispatcher] onFrameStateUpdate, camerastate:2, mInPaying = false, mPollingResult = false, mShowingResult = false, mIsStrongTipShown = false, mShowPage = true
266 ms|Java侧收到算法回调，frameStateUpdate|04-25 11:28:04.829  2783  3456 I BIOLOGY_TakePhotoCaptureWorkspace: [tk15-callback_dispatcher] onFrameStateUpdate, camerastate:2, mInPaying = false, mPollingResult = false, mShowingResult = false, mIsStrongTipShown = false, mShowPage = true
130 ms|Java侧收到算法回调，frameStateUpdate|04-25 11:28:04.959  2783  3456 I BIOLOGY_TakePhotoCaptureWorkspace: [tk15-callback_dispatcher] onFrameStateUpdate, camerastate:2, mInPaying = false, mPollingResult = false, mShowingResult = false, mIsStrongTipShown = false, mShowPage = true
229 ms|Java侧收到算法回调，frameStateUpdate|04-25 11:28:05.188  2783  3456 I BIOLOGY_TakePhotoCaptureWorkspace: [tk15-callback_dispatcher] onFrameStateUpdate, camerastate:2, mInPaying = false, mPollingResult = false, mShowingResult = false, mIsStrongTipShown = false, mShowPage = true
234 ms|Java侧收到算法回调，frameStateUpdate|04-25 11:28:05.422  2783  3456 I BIOLOGY_TakePhotoCaptureWorkspace: [tk15-callback_dispatcher] onFrameStateUpdate, camerastate:2, mInPaying = true, mPollingResult = false, mShowingResult = false, mIsStrongTipShown = false, mShowPage = true
149 ms|Java侧收到算法回调，frameStateUpdate|04-25 11:28:05.571  2783  3456 I BIOLOGY_TakePhotoCaptureWorkspace: [tk15-callback_dispatcher] onFrameStateUpdate, camerastate:2, mInPaying = true, mPollingResult = false, mShowingResult = false, mIsStrongTipShown = false, mShowPage = true
743 ms|Java侧收到算法回调，frameQuality| 2783  3456 I BIOLOGY_TakePhotoCaptureWorkspace: [tk15-callback_dispatcher] onFrameQualify bitmap = android.graphics.Bitmap@deb6205,toygerFaceAttr=ToygerFaceAttr{hasFace=true, faceId=2, eyeBlink=false, eyeOpen=false, faceRegion=RectF(0.35, 0.4984375, 0.65208334, 0.7234375), quality=99.9686, yaw=-5.0067472, pitch=-2.1836953, gaussian=-1.0, motion=-1.0, brightness=0.33285943, integrity=1.0, leftEyeBlinkRatio=0.0, leftEyeBlinkRatioMin=0.0, leftEyeBlinkRatioMax=0.0, rightEyeBlinkRatio=0.0, rightEyeBlinkRatioMin=0.0, rightEyeBlinkRatioMax=0.0, distance=506, keypts10=[0.42859992, 0.56658083, 0.48919937, 0.43717155, 0.5445582, 0.55906653, 0.5606147, 0.6221091, 0.67311245, 0.67601806], confidence=0.99998474, roll=-0.2554836, iodRatio=0.13834219, deepLiveness=0.0, depthQuality=0.9079072, gender=-1.0, age=-1, isAttr_ok=false, frameId=-1, normScale=1.0, detectStage=0, bangs=-1.0, glasses=-1.0, hat=-1.0, mask=0.0, tipMessage=0}, mInPaying = true, mPollingResult = false, mShowingResult = false, mIsStrongTipShown = false, mShowPage = true
670 ms|Java侧收到算法回调，complete| 2783  3456 I BIOLOGY_TakePhotoCaptureWorkspace: [tk15-callback_dispatcher] onGroupMealResult,isAttached()=true, mInPaying = true, mPollingResult = false, mShowingResult = false, mIsStrongTipShown = false, mShowPage = true


11686 ms|Java侧收到算法回调，frameStateUpdate|04-25 11:28:18.670  2783  3235 I BIOLOGY_TakePhotoCaptureWorkspace: [tk1-callback_dispatcher] onFrameStateUpdate, camerastate:1, mInPaying = false, mPollingResult = false, mShowingResult = false, mIsStrongTipShown = false, mShowPage = true
195 ms|Java侧收到算法回调，frameStateUpdate|04-25 11:28:18.865  2783  3235 I BIOLOGY_TakePhotoCaptureWorkspace: [tk1-callback_dispatcher] onFrameStateUpdate, camerastate:2, mInPaying = false, mPollingResult = false, mShowingResult = false, mIsStrongTipShown = false, mShowPage = true
162 ms|Java侧收到算法回调，frameStateUpdate|04-25 11:28:19.027  2783  3235 I BIOLOGY_TakePhotoCaptureWorkspace: [tk1-callback_dispatcher] onFrameStateUpdate, camerastate:2, mInPaying = false, mPollingResult = false, mShowingResult = false, mIsStrongTipShown = false, mShowPage = true
131 ms|Java侧收到算法回调，frameStateUpdate|04-25 11:28:19.158  2783  3235 I BIOLOGY_TakePhotoCaptureWorkspace: [tk1-callback_dispatcher] onFrameStateUpdate, camerastate:2, mInPaying = false, mPollingResult = false, mShowingResult = false, mIsStrongTipShown = false, mShowPage = true
210 ms|Java侧收到算法回调，frameStateUpdate|04-25 11:28:19.368  2783  3235 I BIOLOGY_TakePhotoCaptureWorkspace: [tk1-callback_dispatcher] onFrameStateUpdate, camerastate:2, mInPaying = false, mPollingResult = false, mShowingResult = false, mIsStrongTipShown = false, mShowPage = true
163 ms|Java侧收到算法回调，frameStateUpdate|04-25 11:28:19.531  2783  3235 I BIOLOGY_TakePhotoCaptureWorkspace: [tk1-callback_dispatcher] onFrameStateUpdate, camerastate:2, mInPaying = false, mPollingResult = false, mShowingResult = false, mIsStrongTipShown = false, mShowPage = true
118 ms|Java侧收到算法回调，frameStateUpdate|04-25 11:28:19.649  2783  3235 I BIOLOGY_TakePhotoCaptureWorkspace: [tk1-callback_dispatcher] onFrameStateUpdate, camerastate:2, mInPaying = false, mPollingResult = false, mShowingResult = false, mIsStrongTipShown = false, mShowPage = true
134 ms|Java侧收到算法回调，frameStateUpdate|04-25 11:28:19.783  2783  3235 I BIOLOGY_TakePhotoCaptureWorkspace: [tk1-callback_dispatcher] onFrameStateUpdate, camerastate:2, mInPaying = false, mPollingResult = false, mShowingResult = false, mIsStrongTipShown = false, mShowPage = true
127 ms|Java侧收到算法回调，frameStateUpdate|04-25 11:28:19.910  2783  3235 I BIOLOGY_TakePhotoCaptureWorkspace: [tk1-callback_dispatcher] onFrameStateUpdate, camerastate:2, mInPaying = false, mPollingResult = false, mShowingResult = false, mIsStrongTipShown = false, mShowPage = true
239 ms|Java侧收到算法回调，frameStateUpdate|04-25 11:28:20.149  2783  3235 I BIOLOGY_TakePhotoCaptureWorkspace: [tk1-callback_dispatcher] onFrameStateUpdate, camerastate:2, mInPaying = false, mPollingResult = false, mShowingResult = false, mIsStrongTipShown = false, mShowPage = true
254 ms|Java侧收到算法回调，frameStateUpdate|04-25 11:28:20.403  2783  3235 I BIOLOGY_TakePhotoCaptureWorkspace: [tk1-callback_dispatcher] onFrameStateUpdate, camerastate:2, mInPaying = false, mPollingResult = false, mShowingResult = false, mIsStrongTipShown = false, mShowPage = true
66 ms|Java侧收到算法回调，frameStateUpdate|04-25 11:28:20.469  2783  3235 I BIOLOGY_TakePhotoCaptureWorkspace: [tk1-callback_dispatcher] onFrameStateUpdate, camerastate:2, mInPaying = false, mPollingResult = false, mShowingResult = false, mIsStrongTipShown = false, mShowPage = true
132 ms|Java侧收到算法回调，frameStateUpdate|04-25 11:28:20.601  2783  3235 I BIOLOGY_TakePhotoCaptureWorkspace: [tk1-callback_dispatcher] onFrameStateUpdate, camerastate:2, mInPaying = true, mPollingResult = false, mShowingResult = false, mIsStrongTipShown = false, mShowPage = true
458 ms|Java侧收到算法回调，frameQuality| 2783  3235 I BIOLOGY_TakePhotoCaptureWorkspace: [tk1-callback_dispatcher] onFrameQualify bitmap = android.graphics.Bitmap@e58adf3,toygerFaceAttr=ToygerFaceAttr{hasFace=true, faceId=2, eyeBlink=false, eyeOpen=false, faceRegion=RectF(0.3375, 0.5015625, 0.6375, 0.7234375), quality=99.97136, yaw=-7.809501, pitch=-1.2209879, gaussian=-1.0, motion=-1.0, brightness=0.35787377, integrity=1.0, leftEyeBlinkRatio=0.0, leftEyeBlinkRatioMin=0.0, leftEyeBlinkRatioMax=0.0, rightEyeBlinkRatio=0.0, rightEyeBlinkRatioMin=0.0, rightEyeBlinkRatioMax=0.0, distance=512, keypts10=[0.41574547, 0.5521847, 0.4694289, 0.42076313, 0.5228463, 0.5610558, 0.56306714, 0.623811, 0.6762248, 0.68060607], confidence=0.9999745, roll=-1.3318336, iodRatio=0.13667911, deepLiveness=0.0, depthQuality=0.93082047, gender=-1.0, age=-1, isAttr_ok=false, frameId=-1, normScale=1.0, detectStage=0, bangs=-1.0, glasses=-1.0, hat=-1.0, mask=0.0, tipMessage=0}, mInPaying = true, mPollingResult = false, mShowingResult = false, mIsStrongTipShown = false, mShowPage = true
951 ms|Java侧收到算法回调，complete| 2783  3235 I BIOLOGY_TakePhotoCaptureWorkspace: [tk1-callback_dispatcher] onGroupMealResult,isAttached()=true, mInPaying = true, mPollingResult = false, mShowingResult = false, mIsStrongTipShown = false, mShowPage = true


